case-01 lww start
case-01 lww done
case-01 signed-index start
case-01 signed-index done
case-01 transparency-only start
case-01 transparency-only done
case-01 root-only start
case-01 root-only done
case-01 all-namespaces start
case-01 all-namespaces done
case-01 scoped start
case-01 scoped done
case-01 status-proof start
case-01 status-proof done
case-01 {"seconds": 4.328907466999993, "safe_violations": 0, "ablation_violations": 0}
case-02 lww start
case-02 lww done
case-02 signed-index start
case-02 signed-index done
case-02 transparency-only start
case-02 transparency-only done
case-02 root-only start
case-02 root-only done
case-02 all-namespaces start
case-02 all-namespaces done
case-02 scoped start
case-02 scoped done
case-02 status-proof start
case-02 status-proof done
case-02 {"seconds": 4.350804722999996, "safe_violations": 0, "ablation_violations": 0}
case-03 lww start
case-03 lww done
case-03 signed-index start
case-03 signed-index done
case-03 transparency-only start
case-03 transparency-only done
case-03 root-only start
case-03 root-only done
case-03 all-namespaces start
case-03 all-namespaces done
case-03 scoped start
case-03 scoped done
case-03 status-proof start
case-03 status-proof done
case-03 {"seconds": 4.381508738999983, "safe_violations": 0, "ablation_violations": 0}
case-04 lww start
case-04 lww done
case-04 signed-index start
case-04 signed-index done
case-04 transparency-only start
case-04 transparency-only done
case-04 root-only start
case-04 root-only done
case-04 all-namespaces start
case-04 all-namespaces done
case-04 scoped start
case-04 scoped done
case-04 status-proof start
case-04 status-proof done
case-04 {"seconds": 6.011419755000034, "safe_violations": 0, "ablation_violations": 0}
case-05 lww start
case-05 lww done
case-05 signed-index start
case-05 signed-index done
case-05 transparency-only start
case-05 transparency-only done
case-05 root-only start
case-05 root-only done
case-05 all-namespaces start
case-05 all-namespaces done
case-05 scoped start
case-05 scoped done
case-05 status-proof start
case-05 status-proof done
case-05 {"seconds": 6.022504512999987, "safe_violations": 0, "ablation_violations": 0}
case-06 lww start
case-06 lww done
case-06 signed-index start
case-06 signed-index done
case-06 transparency-only start
case-06 transparency-only done
case-06 root-only start
case-06 root-only done
case-06 all-namespaces start
case-06 all-namespaces done
case-06 scoped start
case-06 scoped done
case-06 status-proof start
case-06 status-proof done
case-06 {"seconds": 6.082744326000011, "safe_violations": 0, "ablation_violations": 0}
case-07 lww start
case-07 lww done
case-07 signed-index start
case-07 signed-index done
case-07 transparency-only start
case-07 transparency-only done
case-07 root-only start
case-07 root-only done
case-07 all-namespaces start
case-07 all-namespaces done
case-07 scoped start
case-07 scoped done
case-07 status-proof start
case-07 status-proof done
case-07 {"seconds": 4.303002115999988, "safe_violations": 0, "ablation_violations": 1}
case-08 lww start
case-08 lww done
case-08 signed-index start
case-08 signed-index done
case-08 transparency-only start
case-08 transparency-only done
case-08 root-only start
case-08 root-only done
case-08 all-namespaces start
case-08 all-namespaces done
case-08 scoped start
case-08 scoped done
case-08 status-proof start
case-08 status-proof done
case-08 {"seconds": 4.330020560000008, "safe_violations": 0, "ablation_violations": 1}
case-09 lww start
case-09 lww done
case-09 signed-index start
case-09 signed-index done
case-09 transparency-only start
case-09 transparency-only done
case-09 root-only start
case-09 root-only done
case-09 all-namespaces start
case-09 all-namespaces done
case-09 scoped start
case-09 scoped done
case-09 status-proof start
case-09 status-proof done
case-09 {"seconds": 4.385861357999943, "safe_violations": 0, "ablation_violations": 1}
case-10 lww start
case-10 lww done
case-10 signed-index start
case-10 signed-index done
case-10 transparency-only start
case-10 transparency-only done
case-10 root-only start
case-10 root-only done
case-10 all-namespaces start
case-10 all-namespaces done
case-10 scoped start
case-10 scoped done
case-10 status-proof start
case-10 status-proof done
case-10 {"seconds": 5.97330680799999, "safe_violations": 0, "ablation_violations": 1}
case-11 lww start
case-11 lww done
case-11 signed-index start
case-11 signed-index done
case-11 transparency-only start
case-11 transparency-only done
case-11 root-only start
case-11 root-only done
case-11 all-namespaces start
case-11 all-namespaces done
case-11 scoped start
case-11 scoped done
case-11 status-proof start
case-11 status-proof done
case-11 {"seconds": 5.971031506000003, "safe_violations": 0, "ablation_violations": 1}
case-12 lww start
case-12 lww done
case-12 signed-index start
case-12 signed-index done
case-12 transparency-only start
case-12 transparency-only done
case-12 root-only start
case-12 root-only done
case-12 all-namespaces start
case-12 all-namespaces done
case-12 scoped start
case-12 scoped done
case-12 status-proof start
case-12 status-proof done
case-12 {"seconds": 6.028182080000022, "safe_violations": 0, "ablation_violations": 1}
case-13 lww start
case-13 lww done
case-13 signed-index start
case-13 signed-index done
case-13 transparency-only start
case-13 transparency-only done
case-13 root-only start
case-13 root-only done
case-13 all-namespaces start
case-13 all-namespaces done
case-13 scoped start
case-13 scoped done
case-13 status-proof start
case-13 status-proof done
case-13 {"seconds": 4.298174996999961, "safe_violations": 0, "ablation_violations": 1}
case-14 lww start
case-14 lww done
case-14 signed-index start
case-14 signed-index done
case-14 transparency-only start
case-14 transparency-only done
case-14 root-only start
case-14 root-only done
case-14 all-namespaces start
case-14 all-namespaces done
case-14 scoped start
case-14 scoped done
case-14 status-proof start
case-14 status-proof done
case-14 {"seconds": 4.398163289999985, "safe_violations": 0, "ablation_violations": 1}
case-15 lww start
case-15 lww done
case-15 signed-index start
case-15 signed-index done
case-15 transparency-only start
case-15 transparency-only done
case-15 root-only start
case-15 root-only done
case-15 all-namespaces start
case-15 all-namespaces done
case-15 scoped start
case-15 scoped done
case-15 status-proof start
case-15 status-proof done
case-15 {"seconds": 4.370276756999999, "safe_violations": 0, "ablation_violations": 1}
case-16 lww start
case-16 lww done
case-16 signed-index start
case-16 signed-index done
case-16 transparency-only start
case-16 transparency-only done
case-16 root-only start
case-16 root-only done
case-16 all-namespaces start
case-16 all-namespaces done
case-16 scoped start
case-16 scoped done
case-16 status-proof start
case-16 status-proof done
case-16 {"seconds": 5.965677403000029, "safe_violations": 0, "ablation_violations": 1}
case-17 lww start
case-17 lww done
case-17 signed-index start
case-17 signed-index done
case-17 transparency-only start
case-17 transparency-only done
case-17 root-only start
case-17 root-only done
case-17 all-namespaces start
case-17 all-namespaces done
case-17 scoped start
case-17 scoped done
case-17 status-proof start
case-17 status-proof done
case-17 {"seconds": 5.955013151000003, "safe_violations": 0, "ablation_violations": 1}
case-18 lww start
case-18 lww done
case-18 signed-index start
case-18 signed-index done
case-18 transparency-only start
case-18 transparency-only done
case-18 root-only start
case-18 root-only done
case-18 all-namespaces start
case-18 all-namespaces done
case-18 scoped start
case-18 scoped done
case-18 status-proof start
case-18 status-proof done
case-18 {"seconds": 5.989645171000063, "safe_violations": 0, "ablation_violations": 1}
case-19 lww start
case-19 lww done
case-19 signed-index start
case-19 signed-index done
case-19 transparency-only start
case-19 transparency-only done
case-19 root-only start
case-19 root-only done
case-19 all-namespaces start
case-19 all-namespaces done
case-19 scoped start
case-19 scoped done
case-19 status-proof start
case-19 status-proof done
case-19 {"seconds": 4.511468473000008, "safe_violations": 0, "ablation_violations": 0}
case-20 lww start
case-20 lww done
case-20 signed-index start
case-20 signed-index done
case-20 transparency-only start
case-20 transparency-only done
case-20 root-only start
case-20 root-only done
case-20 all-namespaces start
case-20 all-namespaces done
case-20 scoped start
case-20 scoped done
case-20 status-proof start
case-20 status-proof done
case-20 {"seconds": 4.487400065999992, "safe_violations": 0, "ablation_violations": 0}
case-21 lww start
case-21 lww done
case-21 signed-index start
case-21 signed-index done
case-21 transparency-only start
case-21 transparency-only done
case-21 root-only start
case-21 root-only done
case-21 all-namespaces start
case-21 all-namespaces done
case-21 scoped start
case-21 scoped done
case-21 status-proof start
case-21 status-proof done
case-21 {"seconds": 4.523818287999944, "safe_violations": 0, "ablation_violations": 0}
case-22 lww start
case-22 lww done
case-22 signed-index start
case-22 signed-index done
case-22 transparency-only start
case-22 transparency-only done
case-22 root-only start
case-22 root-only done
case-22 all-namespaces start
case-22 all-namespaces done
case-22 scoped start
case-22 scoped done
case-22 status-proof start
case-22 status-proof done
case-22 {"seconds": 6.2702935549999665, "safe_violations": 0, "ablation_violations": 0}
case-23 lww start
case-23 lww done
case-23 signed-index start
case-23 signed-index done
case-23 transparency-only start
case-23 transparency-only done
case-23 root-only start
case-23 root-only done
case-23 all-namespaces start
case-23 all-namespaces done
case-23 scoped start
case-23 scoped done
case-23 status-proof start
case-23 status-proof done
case-23 {"seconds": 6.206538033999948, "safe_violations": 0, "ablation_violations": 0}
case-24 lww start
case-24 lww done
case-24 signed-index start
case-24 signed-index done
case-24 transparency-only start
case-24 transparency-only done
case-24 root-only start
case-24 root-only done
case-24 all-namespaces start
case-24 all-namespaces done
case-24 scoped start
case-24 scoped done
case-24 status-proof start
case-24 status-proof done
case-24 {"seconds": 6.24207760699997, "safe_violations": 0, "ablation_violations": 0}
case-25 lww start
case-25 lww done
case-25 signed-index start
case-25 signed-index done
case-25 transparency-only start
case-25 transparency-only done
case-25 root-only start
case-25 root-only done
case-25 all-namespaces start
case-25 all-namespaces done
case-25 scoped start
case-25 scoped done
case-25 status-proof start
case-25 status-proof done
case-25 {"seconds": 4.340856042000013, "safe_violations": 0, "ablation_violations": 1}
case-26 lww start
case-26 lww done
case-26 signed-index start
case-26 signed-index done
case-26 transparency-only start
case-26 transparency-only done
case-26 root-only start
case-26 root-only done
case-26 all-namespaces start
case-26 all-namespaces done
case-26 scoped start
case-26 scoped done
case-26 status-proof start
case-26 status-proof done
case-26 {"seconds": 4.338431352000015, "safe_violations": 0, "ablation_violations": 1}
case-27 lww start
case-27 lww done
case-27 signed-index start
case-27 signed-index done
case-27 transparency-only start
case-27 transparency-only done
case-27 root-only start
case-27 root-only done
case-27 all-namespaces start
case-27 all-namespaces done
case-27 scoped start
case-27 scoped done
case-27 status-proof start
case-27 status-proof done
case-27 {"seconds": 4.358138944999979, "safe_violations": 0, "ablation_violations": 1}
case-28 lww start
case-28 lww done
case-28 signed-index start
case-28 signed-index done
case-28 transparency-only start
case-28 transparency-only done
case-28 root-only start
case-28 root-only done
case-28 all-namespaces start
case-28 all-namespaces done
case-28 scoped start
case-28 scoped done
case-28 status-proof start
case-28 status-proof done
case-28 {"seconds": 5.976249845000041, "safe_violations": 0, "ablation_violations": 1}
case-29 lww start
case-29 lww done
case-29 signed-index start
case-29 signed-index done
case-29 transparency-only start
case-29 transparency-only done
case-29 root-only start
case-29 root-only done
case-29 all-namespaces start
case-29 all-namespaces done
case-29 scoped start
case-29 scoped done
case-29 status-proof start
case-29 status-proof done
case-29 {"seconds": 5.994534662999939, "safe_violations": 0, "ablation_violations": 1}
case-30 lww start
case-30 lww done
case-30 signed-index start
case-30 signed-index done
case-30 transparency-only start
case-30 transparency-only done
case-30 root-only start
case-30 root-only done
case-30 all-namespaces start
case-30 all-namespaces done
case-30 scoped start
case-30 scoped done
case-30 status-proof start
case-30 status-proof done
case-30 {"seconds": 6.049999301000042, "safe_violations": 0, "ablation_violations": 1}
case-31 lww start
case-31 lww done
case-31 signed-index start
case-31 signed-index done
case-31 transparency-only start
case-31 transparency-only done
case-31 root-only start
case-31 root-only done
case-31 all-namespaces start
case-31 all-namespaces done
case-31 scoped start
case-31 scoped done
case-31 status-proof start
case-31 status-proof done
case-31 {"seconds": 4.369850368000073, "safe_violations": 0, "ablation_violations": 0}
case-32 lww start
case-32 lww done
case-32 signed-index start
case-32 signed-index done
case-32 transparency-only start
case-32 transparency-only done
case-32 root-only start
case-32 root-only done
case-32 all-namespaces start
case-32 all-namespaces done
case-32 scoped start
case-32 scoped done
case-32 status-proof start
case-32 status-proof done
case-32 {"seconds": 4.322956694000084, "safe_violations": 0, "ablation_violations": 0}
case-33 lww start
case-33 lww done
case-33 signed-index start
case-33 signed-index done
case-33 transparency-only start
case-33 transparency-only done
case-33 root-only start
case-33 root-only done
case-33 all-namespaces start
case-33 all-namespaces done
case-33 scoped start
case-33 scoped done
case-33 status-proof start
case-33 status-proof done
case-33 {"seconds": 4.347131167999976, "safe_violations": 0, "ablation_violations": 0}
case-34 lww start
case-34 lww done
case-34 signed-index start
case-34 signed-index done
case-34 transparency-only start
case-34 transparency-only done
case-34 root-only start
case-34 root-only done
case-34 all-namespaces start
case-34 all-namespaces done
case-34 scoped start
case-34 scoped done
case-34 status-proof start
case-34 status-proof done
case-34 {"seconds": 5.959641441000031, "safe_violations": 0, "ablation_violations": 0}
case-35 lww start
case-35 lww done
case-35 signed-index start
case-35 signed-index done
case-35 transparency-only start
case-35 transparency-only done
case-35 root-only start
case-35 root-only done
case-35 all-namespaces start
case-35 all-namespaces done
case-35 scoped start
case-35 scoped done
case-35 status-proof start
case-35 status-proof done
case-35 {"seconds": 5.918100262999872, "safe_violations": 0, "ablation_violations": 0}
case-36 lww start
case-36 lww done
case-36 signed-index start
case-36 signed-index done
case-36 transparency-only start
case-36 transparency-only done
case-36 root-only start
case-36 root-only done
case-36 all-namespaces start
case-36 all-namespaces done
case-36 scoped start
case-36 scoped done
case-36 status-proof start
case-36 status-proof done
case-36 {"seconds": 5.96417741800002, "safe_violations": 0, "ablation_violations": 0}
case-37 lww start
case-37 lww done
case-37 signed-index start
case-37 signed-index done
case-37 transparency-only start
case-37 transparency-only done
case-37 root-only start
case-37 root-only done
case-37 all-namespaces start
case-37 all-namespaces done
case-37 scoped start
case-37 scoped done
case-37 status-proof start
case-37 status-proof done
case-37 {"seconds": 4.238152335999985, "safe_violations": 0, "ablation_violations": 0}
case-38 lww start
case-38 lww done
case-38 signed-index start
case-38 signed-index done
case-38 transparency-only start
case-38 transparency-only done
case-38 root-only start
case-38 root-only done
case-38 all-namespaces start
case-38 all-namespaces done
case-38 scoped start
case-38 scoped done
case-38 status-proof start
case-38 status-proof done
case-38 {"seconds": 4.232817407000084, "safe_violations": 0, "ablation_violations": 0}
case-39 lww start
case-39 lww done
case-39 signed-index start
case-39 signed-index done
case-39 transparency-only start
case-39 transparency-only done
case-39 root-only start
case-39 root-only done
case-39 all-namespaces start
case-39 all-namespaces done
case-39 scoped start
case-39 scoped done
case-39 status-proof start
case-39 status-proof done
case-39 {"seconds": 4.263720136000018, "safe_violations": 0, "ablation_violations": 0}
case-40 lww start
case-40 lww done
case-40 signed-index start
case-40 signed-index done
case-40 transparency-only start
case-40 transparency-only done
case-40 root-only start
case-40 root-only done
case-40 all-namespaces start
case-40 all-namespaces done
case-40 scoped start
case-40 scoped done
case-40 status-proof start
case-40 status-proof done
case-40 {"seconds": 5.761447551000003, "safe_violations": 0, "ablation_violations": 0}
case-41 lww start
case-41 lww done
case-41 signed-index start
case-41 signed-index done
case-41 transparency-only start
case-41 transparency-only done
case-41 root-only start
case-41 root-only done
case-41 all-namespaces start
case-41 all-namespaces done
case-41 scoped start
case-41 scoped done
case-41 status-proof start
case-41 status-proof done
case-41 {"seconds": 5.868424371000003, "safe_violations": 0, "ablation_violations": 0}
case-42 lww start
case-42 lww done
case-42 signed-index start
case-42 signed-index done
case-42 transparency-only start
case-42 transparency-only done
case-42 root-only start
case-42 root-only done
case-42 all-namespaces start
case-42 all-namespaces done
case-42 scoped start
case-42 scoped done
case-42 status-proof start
case-42 status-proof done
case-42 {"seconds": 5.91578267899996, "safe_violations": 0, "ablation_violations": 0}
case-43 lww start
case-43 lww done
case-43 signed-index start
case-43 signed-index done
case-43 transparency-only start
case-43 transparency-only done
case-43 root-only start
case-43 root-only done
case-43 all-namespaces start
case-43 all-namespaces done
case-43 scoped start
case-43 scoped done
case-43 status-proof start
case-43 status-proof done
case-43 {"seconds": 5.156338541999958, "safe_violations": 0, "ablation_violations": 0}
case-44 lww start
case-44 lww done
case-44 signed-index start
case-44 signed-index done
case-44 transparency-only start
case-44 transparency-only done
case-44 root-only start
case-44 root-only done
case-44 all-namespaces start
case-44 all-namespaces done
case-44 scoped start
case-44 scoped done
case-44 status-proof start
case-44 status-proof done
case-44 {"seconds": 5.168959732000019, "safe_violations": 0, "ablation_violations": 0}
case-45 lww start
case-45 lww done
case-45 signed-index start
case-45 signed-index done
case-45 transparency-only start
case-45 transparency-only done
case-45 root-only start
case-45 root-only done
case-45 all-namespaces start
case-45 all-namespaces done
case-45 scoped start
case-45 scoped done
case-45 status-proof start
case-45 status-proof done
case-45 {"seconds": 5.2140139300000214, "safe_violations": 0, "ablation_violations": 0}
case-46 lww start
case-46 lww done
case-46 signed-index start
case-46 signed-index done
case-46 transparency-only start
case-46 transparency-only done
case-46 root-only start
case-46 root-only done
case-46 all-namespaces start
case-46 all-namespaces done
case-46 scoped start
case-46 scoped done
case-46 status-proof start
case-46 status-proof done
case-46 {"seconds": 6.9981569740000396, "safe_violations": 0, "ablation_violations": 0}
case-47 lww start
case-47 lww done
case-47 signed-index start
case-47 signed-index done
case-47 transparency-only start
case-47 transparency-only done
case-47 root-only start
case-47 root-only done
case-47 all-namespaces start
case-47 all-namespaces done
case-47 scoped start
case-47 scoped done
case-47 status-proof start
case-47 status-proof done
case-47 {"seconds": 7.013935544999981, "safe_violations": 0, "ablation_violations": 0}
case-48 lww start
case-48 lww done
case-48 signed-index start
case-48 signed-index done
case-48 transparency-only start
case-48 transparency-only done
case-48 root-only start
case-48 root-only done
case-48 all-namespaces start
case-48 all-namespaces done
case-48 scoped start
case-48 scoped done
case-48 status-proof start
case-48 status-proof done
case-48 {"seconds": 7.074598348999928, "safe_violations": 0, "ablation_violations": 0}
